[www.anahotelandapartments.com/index.html]
[www.anahotelandapartments.com/rooms.html]
[www.anahotelandapartments.com/img/favicon2.png]
[www.anahotelandapartments.com/css/bootstrap.min.css]
[www.anahotelandapartments.com/css/owl.carousel.min.css]
[www.anahotelandapartments.com/css/font-awesome.min.css]
[www.anahotelandapartments.com/css/nice-select.css]
[www.anahotelandapartments.com/css/flaticon.css]
[www.anahotelandapartments.com/css/slicknav.min.css]
[www.anahotelandapartments.com/css/style.css]
[www.anahotelandapartments.com/css/elegant-icons.css]
[anahotelandapartments.com/img/ana-logo1.jpg]
[backblue.gif]
[fade.gif]
[index.html]
[www.anahotelandapartments.com/img/ana-logo11.png]
[www.anahotelandapartments.com/img/lan.png]
[www.anahotelandapartments.com/about.html]
[www.anahotelandapartments.com/services.html]
[www.anahotelandapartments.com/gallery.html]
[www.anahotelandapartments.com/contact.html]
[www.anahotelandapartments.com/img/hero.jpg]
[www.anahotelandapartments.com/img/home-about/home-about.png]
[www.anahotelandapartments.com/img/services/services-7.png]
[www.anahotelandapartments.com/img/services/services-2.png]
[www.anahotelandapartments.com/img/services/services-8.png]
[www.anahotelandapartments.com/img/services/services-6.png]
[www.anahotelandapartments.com/img/rooms/hotelpicss.jpg]
[www.anahotelandapartments.com/img/home-room/hotelpics16.jpg]
[www.anahotelandapartments.com/img/rooms/hotelpicss2.jpg]
[www.anahotelandapartments.com/img/rooms/palatial2.jpg]
[www.anahotelandapartments.com/img/testimonial-left.jpg]
[www.anahotelandapartments.com/img/chooseus-bg.jpg]
[www.anahotelandapartments.com/img/home-room/ana-about6.jpg]
[www.anahotelandapartments.com/img/home-room/ana-about4.jpg]
[www.anahotelandapartments.com/img/gallery/hotelpri.jpg]
[www.anahotelandapartments.com/img/home-room/ana-about7.jpg]
[www.anahotelandapartments.com/img/gallery/hotelpices.jpg]
[www.anahotelandapartments.com/img/home-room/ana-about10.jpg]
[www.anahotelandapartments.com/img/home-room/ana-about3.jpg]
[www.anahotelandapartments.com/img/latest-blog/ana-bloged.jpg]
[www.anahotelandapartments.com/post681a.html]
[www.anahotelandapartments.com/img/latest-blog/ana-blogger.jpg]
[www.anahotelandapartments.com/post0b30.html]
[www.anahotelandapartments.com/img/latest-blog/ana-blogs.jpg]
[www.anahotelandapartments.com/postd708.html]
[www.anahotelandapartments.com/img/latest-blog/collection.jpg]
[www.anahotelandapartments.com/postdcfd.html]
[www.anahotelandapartments.com/img/footer-bg.jpg]
[www.anahotelandapartments.com/blog.html]
[www.anahotelandapartments.com/js/jquery-3.3.1.min.js]
[www.anahotelandapartments.com/js/bootstrap.min.js]
[www.anahotelandapartments.com/js/main.js]
[www.anahotelandapartments.com/js/jquery.nice-select.min.js]
[www.anahotelandapartments.com/js/jquery.slicknav.js]
[www.anahotelandapartments.com/js/owl.carousel.min.js]
[www.anahotelandapartments.com/index.html]
[www.anahotelandapartments.com/img/breadcrumb-bg.jpg]
[www.anahotelandapartments.com/img/rooms/hotelpicse.jpg]
[www.anahotelandapartments.com/img/rooms/hotelpicsd.jpg]
[www.anahotelandapartments.com/img/rooms/hotelo.jpg]
[www.anahotelandapartments.com/img/rooms/hotelpics41.jpg]
[www.anahotelandapartments.com/img/rooms/hotelpics23.jpg]
[www.anahotelandapartments.com/img/rooms/hotelpics30.jpg]
[www.anahotelandapartments.com/img/rooms/palatial1.jpg]
[www.anahotelandapartments.com/img/home-room/hotelpics26.jpg]
[www.anahotelandapartments.com/img/rooms/hotela.jpg]
[www.anahotelandapartments.com/img/home-room/homeroom3.jpg]
[www.anahotelandapartments.com/img/rooms/palacial.jpg]
[www.anahotelandapartments.com/img/rooms/palacial1.jpg]
[www.anahotelandapartments.com/rooms.html]
[www.anahotelandapartments.com/css/bootstrap.min.css]
[www.anahotelandapartments.com/css/owl.carousel.min.css]
[www.anahotelandapartments.com/css/magnific-popup.html]
[www.anahotelandapartments.com/fonts/fontawesome-webfont3e6e.eot]
[www.anahotelandapartments.com/fonts/fontawesome-webfontd41d.eot]
[www.anahotelandapartments.com/fonts/fontawesome-webfont3e6e.woff2]
[www.anahotelandapartments.com/fonts/fontawesome-webfont3e6e.woff]
[www.anahotelandapartments.com/fonts/fontawesome-webfont3e6e.ttf]
[www.anahotelandapartments.com/css/font-awesome.min.css]
[www.anahotelandapartments.com/css/themify-icons.html]
[www.anahotelandapartments.com/css/nice-select.css]
[www.anahotelandapartments.com/fonts/Flaticon.eot]
[www.anahotelandapartments.com/fonts/fontawesome-webfont3e6e.svg]
[www.anahotelandapartments.com/fonts/Flaticond41d.eot]
[www.anahotelandapartments.com/fonts/Flaticon.woff]
[www.anahotelandapartments.com/fonts/Flaticon.ttf]
[www.anahotelandapartments.com/css/flaticon.css]
[www.anahotelandapartments.com/css/gijgo.html]
[www.anahotelandapartments.com/css/animate.html]
[www.anahotelandapartments.com/css/slicknav.html]
[www.anahotelandapartments.com/css/slicknav.min.css]
[www.anahotelandapartments.com/css/style.css]
[www.anahotelandapartments.com/css/anacss.html]
[www.anahotelandapartments.com/fonts/Flaticon.svg]
[www.anahotelandapartments.com/fonts/ElegantIcons.eot]
[www.anahotelandapartments.com/fonts/ElegantIconsd41d.eot]
[www.anahotelandapartments.com/fonts/ElegantIcons.woff]
[www.anahotelandapartments.com/fonts/ElegantIcons.ttf]
[www.anahotelandapartments.com/css/elegant-icons.css]
[www.anahotelandapartments.com/fonts/ElegantIcons.svg]
[www.anahotelandapartments.com/img/anahotel1.jpg]
[www.anahotelandapartments.com/about.html]
[www.anahotelandapartments.com/img/services/services (9).jpg]
[www.anahotelandapartments.com/img/services/laundry.jpg]
[www.anahotelandapartments.com/img/services/restau.jpg]
[www.anahotelandapartments.com/services.html]
[www.anahotelandapartments.com/img/home-room/homeroom2.jpg]
[www.anahotelandapartments.com/img/rooms/ana-restau1.jpg]
[www.anahotelandapartments.com/img/rooms/reception.jpg]
[www.anahotelandapartments.com/img/home-room/hotelpics.jpg]
[www.anahotelandapartments.com/img/home-room/hotelpics6.jpg]
[www.anahotelandapartments.com/img/home-room/ana-about1.jpg]
[www.anahotelandapartments.com/gallery.html]
[www.anahotelandapartments.com/contact.html]
[www.anahotelandapartments.com/assets/vendor/bootstrap/css/bootstrap.min.css]
[www.anahotelandapartments.com/css/style2.css]
[www.anahotelandapartments.com/assets/css/style.css]
[www.anahotelandapartments.com/css/agency1.css]
[www.anahotelandapartments.com/css/great3.css]
[cdnjs.cloudflare.com/ajax/libs/ekko-lightbox/5.3.0/ekko-lightbox.css]
[www.anahotelandapartments.com/vendor/fontawesome-free/css/all.min.css]
[www.anahotelandapartments.com/assets/vendor/icofont/icofont.min.css]
[www.anahotelandapartments.com/assets/vendor/boxicons/css/boxicons.min.css]
[www.anahotelandapartments.com/assets/vendor/animate.css/animate.min.css]
[www.anahotelandapartments.com/assets/vendor/venobox/venobox.css]
[www.anahotelandapartments.com/assets/vendor/aos/aos.css]
[www.anahotelandapartments.com/vendor/magnific-popup/magnific-popup.css]
[platform-api.sharethis.com/js/sharethis.js]
[www.anahotelandapartments.com/img/ana-bloged.jpg]
[www.anahotelandapartments.com/category8b59.html]
[www.anahotelandapartments.com/categoryf890.html]
[www.anahotelandapartments.com/categorya703.html]
[www.anahotelandapartments.com/categorycd20.html]
[connect.facebook.net/en_US/fbevents.js]
[www.anahotelandapartments.com/category54c6.html]
[www.anahotelandapartments.com/category1f70.html]
[www.anahotelandapartments.com/category5cce.html]
[www.anahotelandapartments.com/category6a3d.html]
[www.anahotelandapartments.com/img/ana-blogger.jpg]
[www.anahotelandapartments.com/img/ana-blogs.jpg]
[www.anahotelandapartments.com/img/collection.jpg]
[www.anahotelandapartments.com/assets/vendor/jquery/jquery.min.js]
[www.anahotelandapartments.com/assets/vendor/bootstrap/js/bootstrap.bundle.min.js]
[www.anahotelandapartments.com/assets/vendor/jquery.easing/jquery.easing.min.js]
[www.anahotelandapartments.com/js/popper.js]
[cdnjs.cloudflare.com/ajax/libs/popper.js/1.14.7/umd/popper.min.js]
[cdnjs.cloudflare.com/ajax/libs/ekko-lightbox/5.3.0/ekko-lightbox.js]
[www.anahotelandapartments.com/js/style.js]
[www.anahotelandapartments.com/assets/vendor/php-email-form/validate.js]
[www.anahotelandapartments.com/assets/vendor/jquery-sticky/jquery.sticky.js]
[www.anahotelandapartments.com/assets/vendor/venobox/venobox.min.js]
[www.anahotelandapartments.com/assets/vendor/waypoints/jquery.waypoints.min.js]
[www.anahotelandapartments.com/assets/vendor/counterup/counterup.min.js]
[www.anahotelandapartments.com/assets/vendor/isotope-layout/isotope.pkgd.min.js]
[www.anahotelandapartments.com/assets/vendor/aos/aos.js]
[www.anahotelandapartments.com/assets/js/main.js]
[www.anahotelandapartments.com/vendor/scrollreveal/scrollreveal.min.js]
[www.anahotelandapartments.com/vendor/magnific-popup/jquery.magnific-popup.min.js]
[cdn.ckeditor.com/4.19.1/standard/ckeditor.js]
[www.anahotelandapartments.com/post681a.html]
[www.anahotelandapartments.com/post0b30.html]
[www.anahotelandapartments.com/postd708.html]
[www.anahotelandapartments.com/postdcfd.html]
[js.paystack.co/v1/inline.js]
[www.anahotelandapartments.com/blog2679.html]
[www.anahotelandapartments.com/img/previous.png]
[www.anahotelandapartments.com/img/next1.png]
[www.anahotelandapartments.com/blog.html]
[www.anahotelandapartments.com/css/owl.video.play.html]
[www.anahotelandapartments.com/fonts/fontawesome-webfont3e6e.svg]
[www.anahotelandapartments.com/fonts/Flaticon.svg]
[www.anahotelandapartments.com/fonts/ElegantIcons.svg]
[www.anahotelandapartments.com/css/bootstrap.html]
[www.anahotelandapartments.com/assets/vendor/bootstrap/css/bootstrap.min.css]
[www.anahotelandapartments.com/css/style2.css]
[www.anahotelandapartments.com/assets/css/style.css]
[www.anahotelandapartments.com/img/banner.jpg]
[www.anahotelandapartments.com/css/agency1.css]
[www.anahotelandapartments.com/css/great3.css]
[www.anahotelandapartments.com/css/general.html]
[www.anahotelandapartments.com/css/lightbox.html]
[cdnjs.cloudflare.com/ajax/libs/ekko-lightbox/5.3.0/ekko-lightbox.css]
[www.anahotelandapartments.com/vendor/fontawesome-free/webfonts/fa-brands-400.eot]
[www.anahotelandapartments.com/vendor/fontawesome-free/webfonts/fa-brands-400.woff2]
[www.anahotelandapartments.com/vendor/fontawesome-free/webfonts/fa-brands-400d41d.eot]
[www.anahotelandapartments.com/vendor/fontawesome-free/webfonts/fa-brands-400.woff]
[www.anahotelandapartments.com/vendor/fontawesome-free/webfonts/fa-brands-400.ttf]
[www.anahotelandapartments.com/vendor/fontawesome-free/webfonts/fa-regular-400.eot]
[www.anahotelandapartments.com/vendor/fontawesome-free/webfonts/fa-regular-400d41d.eot]
[www.anahotelandapartments.com/vendor/fontawesome-free/webfonts/fa-regular-400.woff2]
[www.anahotelandapartments.com/vendor/fontawesome-free/webfonts/fa-regular-400.woff]
[www.anahotelandapartments.com/vendor/fontawesome-free/webfonts/fa-regular-400.ttf]
[www.anahotelandapartments.com/vendor/fontawesome-free/webfonts/fa-brands-400.svg]
[www.anahotelandapartments.com/vendor/fontawesome-free/webfonts/fa-regular-400.svg]
[www.anahotelandapartments.com/vendor/fontawesome-free/webfonts/fa-solid-900.eot]
[www.anahotelandapartments.com/vendor/fontawesome-free/webfonts/fa-solid-900.woff2]
[www.anahotelandapartments.com/vendor/fontawesome-free/webfonts/fa-solid-900d41d.eot]
[www.anahotelandapartments.com/vendor/fontawesome-free/webfonts/fa-solid-900.woff]
[www.anahotelandapartments.com/vendor/fontawesome-free/css/all.min.css]
[www.anahotelandapartments.com/vendor/fontawesome-free/webfonts/fa-solid-900.ttf]
[www.anahotelandapartments.com/assets/vendor/icofont/fonts/icofont.woff2]
[www.anahotelandapartments.com/assets/vendor/icofont/fonts/icofont.woff]
[www.anahotelandapartments.com/assets/vendor/icofont/icofont.min.css]
[www.anahotelandapartments.com/vendor/fontawesome-free/webfonts/fa-solid-900.svg]
[www.anahotelandapartments.com/assets/vendor/boxicons/fonts/boxicons.eot]
[www.anahotelandapartments.com/assets/vendor/boxicons/fonts/boxicons.woff2]
[www.anahotelandapartments.com/assets/vendor/boxicons/fonts/boxicons.woff]
[www.anahotelandapartments.com/assets/vendor/boxicons/fonts/boxicons.ttf]
[www.anahotelandapartments.com/assets/vendor/boxicons/css/boxicons.min.css]
[www.anahotelandapartments.com/assets/vendor/animate.css/animate.min.css]
[www.anahotelandapartments.com/assets/vendor/venobox/venobox.css]
[www.anahotelandapartments.com/assets/vendor/aos/aos.css]
[www.anahotelandapartments.com/vendor/magnific-popup/magnific-popup.css]
[www.anahotelandapartments.com/assets/vendor/boxicons/fonts/boxiconsd41d.svg]
[connect.facebook.net/en_US/fbevents.js]
[www.anahotelandapartments.com/files.html]
[www.anahotelandapartments.com/ict-training-center-abuja.html]
[www.anahotelandapartments.com/video/vimtechmedia.html]
[connect.facebook.net/en_US/sdk.js]
[www.anahotelandapartments.com/category8b59.html]
[www.anahotelandapartments.com/categoryf890.html]
[www.anahotelandapartments.com/categorya703.html]
[www.anahotelandapartments.com/categorycd20.html]
[www.anahotelandapartments.com/category54c6.html]
[www.anahotelandapartments.com/category1f70.html]
[www.anahotelandapartments.com/category5cce.html]
[www.anahotelandapartments.com/category6a3d.html]
[www.anahotelandapartments.com/video/vimtech.html]
[www.anahotelandapartments.com/advertise.html]
[www.anahotelandapartments.com/imge/flyer advert.html]
[www.anahotelandapartments.com/imge/vimtechflyer.html]
[www.anahotelandapartments.com/js/lightbox.html]
[www.anahotelandapartments.com/js/jqBootstrapValidation.html]
[www.anahotelandapartments.com/js/contact_me.html]
[www.anahotelandapartments.com/js/wow.min.html]
[www.anahotelandapartments.com/ckfinder/ckfinder.html]
[www.anahotelandapartments.com/js/agency.min.html]
[www.anahotelandapartments.com/contact-us.html]
[www.anahotelandapartments.com/blog2679.html]
[www.anahotelandapartments.com/img/statementBG.html]
[www.anahotelandapartments.com/img/aboutBG.html]
[www.anahotelandapartments.com/img/contactBG.html]
[www.anahotelandapartments.com/img/map-image.html]
[www.anahotelandapartments.com/img/blogBG.html]
[www.anahotelandapartments.com/image/informationTechnology- Vimtech.html]
[www.anahotelandapartments.com/image/managed.html]
[www.anahotelandapartments.com/image/vim contact.html]
[www.anahotelandapartments.com/image/vimtech-consulting.html]
[www.anahotelandapartments.com/image/internet marketing.html]
[www.anahotelandapartments.com/img/pricing.html]
[www.anahotelandapartments.com/image/vimtech.html]
[www.anahotelandapartments.com/image/security.html]
[www.anahotelandapartments.com/imge/web design agency abuja.html]
[www.anahotelandapartments.com/image/vim- ict training.html]
[www.anahotelandapartments.com/image/Graphic-Design-and-Branding.html]
[www.anahotelandapartments.com/image/digital marketing.html]
[www.anahotelandapartments.com/image/vimtech consulting.html]
[www.anahotelandapartments.com/imge/creative media in abuja.html]
[www.anahotelandapartments.com/adsimage/ict-training-in-abuja-nigeria.html]
[www.anahotelandapartments.com/img/vim (6.html]
[www.anahotelandapartments.com/imge/ict-training-in-abuja-nigeria.html]
[www.anahotelandapartments.com/imge/IT-training-in-abuja-nigeria.html]
[www.anahotelandapartments.com/image/map-image.html]
[www.anahotelandapartments.com/image/vimtech1.html]
[www.anahotelandapartments.com/css/image/blog1.html]
[www.anahotelandapartments.com/image/software development.html]
[www.anahotelandapartments.com/image/vimtech-wallpaper (11.html]
[www.anahotelandapartments.com/image/vimtech-wallpaper (9.html]
[www.anahotelandapartments.com/image/vimtech-wallpaper (2.html]
[www.anahotelandapartments.com/image/vimtech-wallpaper (6.html]
[www.anahotelandapartments.com/image/custom2.html]
[www.anahotelandapartments.com/image/krid1.html]
[www.anahotelandapartments.com/image/veh.html]
[www.anahotelandapartments.com/image/authorize.html]
[www.anahotelandapartments.com/image/license.html]
[www.anahotelandapartments.com/vendor/fontawesome-free/webfonts/fa-brands-400.svg]
[www.anahotelandapartments.com/vendor/fontawesome-free/webfonts/fa-regular-400.svg]
[www.anahotelandapartments.com/vendor/fontawesome-free/webfonts/fa-solid-900.svg]
[www.anahotelandapartments.com/assets/vendor/boxicons/fonts/boxiconsd41d.svg]
[www.anahotelandapartments.com/a.html]
[www.anahotelandapartments.com/POST.html]
[www.anahotelandapartments.com/schema.org/index.html]
[www.anahotelandapartments.com/b.html]
[www.anahotelandapartments.com/signals/iwl.html]
[connect.facebook.net/en_US/sdk.js]
